
  .   ____          _            __ _ _
 /\\ / ___'_ __ _ _(_)_ __  __ _ \ \ \ \
( ( )\___ | '_ | '_| | '_ \/ _` | \ \ \ \
 \\/  ___)| |_)| | | | | || (_| |  ) ) ) )
  '  |____| .__|_| |_|_| |_\__, | / / / /
 =========|_|==============|___/=/_/_/_/
 :: Spring Boot ::                (v3.2.0)

2026-04-28 22:53:29 [main] INFO  c.e.e.EtlExpressionEngineApplication - Starting EtlExpressionEngineApplication v1.0.0 using Java 17.0.15 with PID 5788 (E:\java\AI\20260428\etl-expression-engine\target\etl-expression-engine-1.0.0.jar started by dxnyu in E:\java\AI\20260428\etl-expression-engine)
2026-04-28 22:53:29 [main] DEBUG c.e.e.EtlExpressionEngineApplication - Running with Spring Boot v3.2.0, Spring v6.1.1
2026-04-28 22:53:29 [main] INFO  c.e.e.EtlExpressionEngineApplication - No active profile set, falling back to 1 default profile: "default"
2026-04-28 22:53:40 [main] INFO  o.s.b.w.e.tomcat.TomcatWebServer - Tomcat initialized with port 8080 (http)
2026-04-28 22:53:41 [main] INFO  o.a.catalina.core.StandardService - Starting service [Tomcat]
2026-04-28 22:53:41 [main] INFO  o.a.catalina.core.StandardEngine - Starting Servlet engine: [Apache Tomcat/10.1.16]
2026-04-28 22:53:41 [main] INFO  o.a.c.c.C.[Tomcat].[localhost].[/] - Initializing Spring embedded WebApplicationContext
2026-04-28 22:53:41 [main] INFO  o.s.b.w.s.c.ServletWebServerApplicationContext - Root WebApplicationContext: initialization completed in 11516 ms
2026-04-28 22:53:41 [main] INFO  com.zaxxer.hikari.HikariDataSource - HikariPool-1 - Starting...
2026-04-28 22:53:43 [main] INFO  com.zaxxer.hikari.pool.HikariPool - HikariPool-1 - Added connection conn0: url=jdbc:h2:mem:testdb user=SA
2026-04-28 22:53:43 [main] INFO  com.zaxxer.hikari.HikariDataSource - HikariPool-1 - Start completed.
2026-04-28 22:53:43 [main] INFO  o.s.b.a.h.H2ConsoleAutoConfiguration - H2 console available at '/h2-console'. Database available at 'jdbc:h2:mem:testdb'
2026-04-28 22:53:43 [main] INFO  c.e.e.context.SessionContextManager - 会话清理任务已启动, 超时时间: 1800000ms, 清理间隔: 300000ms
2026-04-28 22:53:44 [main] INFO  o.s.b.a.w.s.WelcomePageHandlerMapping - Adding welcome page: class path resource [static/index.html]
2026-04-28 22:53:46 [main] INFO  o.s.b.w.e.tomcat.TomcatWebServer - Tomcat started on port 8080 (http) with context path ''
2026-04-28 22:53:46 [main] INFO  c.e.e.EtlExpressionEngineApplication - Started EtlExpressionEngineApplication in 21.722 seconds (process running for 24.71)
